I'm sorry, but errors were detected in your script. Please correct the
errors listed below, and try again.


File "game/script.rpy", line 41: expected statement.
    points += 1
           ^

File "game/script.rpy", line 55: expected statement.
    points += 1
           ^

File "game/script.rpy", line 69: expected statement.
    points += 1
           ^

Ren'Py Version: Ren'Py 8.2.1.24030407
Thu Mar 14 07:16:06 2024
